<html>
<body>
<pre>
<h1>µVision Build Log</h1>
<h2>Tool Versions:</h2>
IDE-Version: É Vision V5.27.1.0
Copyright (C) 2019 ARM Ltd and ARM Germany GmbH. All rights reserved.
License Information: Dan Sato, Chiba Institute of technology, LIC=----
 
Tool Versions:
Toolchain:       MDK-Lite  Version: 5.27.1.0
Toolchain Path:  C:\Keil_v5\ARM\ARMCC\Bin
C Compiler:      Armcc.exe V5.06 update 6 (build 750)
Assembler:       Armasm.exe V5.06 update 6 (build 750)
Linker/Locator:  ArmLink.exe V5.06 update 6 (build 750)
Library Manager: ArmAr.exe V5.06 update 6 (build 750)
Hex Converter:   FromElf.exe V5.06 update 6 (build 750)
CPU DLL:         SARMCM3.DLL V5.27.1.0
Dialog DLL:      DARMP1.DLL V1.27.0.0
Target DLL:      UL2CM3.DLL V1.162.15.0
Dialog DLL:      TARMP1.DLL V1.26.0.0
 
<h2>Project:</h2>
C:\Users\socce\Downloads\mbed_project_Inverted-Pendulum_P\mbed_project_Inverted-Pendulum_P\mbed_project.uvproj
Project File Date:  08/10/2020

<h2>Output:</h2>
*** Using Compiler 'V5.06 update 6 (build 750)', folder: 'C:\Keil_v5\ARM\ARMCC\Bin'
*** Warning: You are compiling one or more files of source type C++ and have selected 'use MicroLIB'. MicroLIB does not support C++!
  
*** Note: Rebuilding project, since 'Options->Output->Create Batch File' is selected.
Rebuild target 'mbed NXP LPC1114'
compiling main.cpp...
compiling SoftwarePWM.cpp...
compiling Motor.cpp...
compiling Sound.cpp...
compiling QEI.cpp...
linking...
Program Size: Code=16216 RO-data=2436 RW-data=248 ZI-data=1632  
FromELF: creating hex file...
After Build - User command #1: fromelf --bin -o mbed_project_LPC1114.bin build\mbed_project.axf
".\build\mbed_project.axf" - 0 Error(s), 0 Warning(s).
Build Time Elapsed:  00:00:02
</pre>
</body>
</html>
